// Jest Snapshot v1, https://goo.gl/fbAQLP

exports[`should render the page 1`] = `
<div
  className="css-nil ðŸ“¦box-szg_border-box"
>
  <h1
    className="ðŸ“¦mt_0px ðŸ“¦mb_0px ðŸ“¦fnt-sze_35px ðŸ“¦f-wght_500 ðŸ“¦ln-ht_40px ðŸ“¦ltr-spc_-0-2px ðŸ“¦fnt-fam_wm9v6k ðŸ“¦color_234361 ðŸ“¦box-szg_border-box"
  >
    Add a Student
  </h1>
  <div
    className="css-nil ðŸ“¦b-top_1px-solid-E4E7EB ðŸ“¦b-rgt_1px-solid-E4E7EB ðŸ“¦b-btm_1px-solid-E4E7EB ðŸ“¦b-lft_1px-solid-E4E7EB ðŸ“¦bs_17sc08g ðŸ“¦bblr_5px ðŸ“¦bbrr_5px ðŸ“¦btlr_5px ðŸ“¦btrr_5px ðŸ“¦pb_32px ðŸ“¦pl_32px ðŸ“¦pr_32px ðŸ“¦pt_32px ðŸ“¦w_50prcnt ðŸ“¦ml_25prcnt ðŸ“¦mt_16px ðŸ“¦txt-algn_left ðŸ“¦box-szg_border-box"
  >
    <form
      onSubmit={[Function]}
    >
      <div
        className="css-nil ðŸ“¦dspl_grid ðŸ“¦grd-tmp-col_fefeyf ðŸ“¦box-szg_border-box"
      >
        <div
          className="ðŸ“¦mb_24px ðŸ“¦mr_8px ðŸ“¦box-szg_border-box"
        >
          <label
            className="ðŸ“¦color_425A70 ðŸ“¦fnt-fam_b77syt ðŸ“¦fnt-sze_14px ðŸ“¦f-wght_500 ðŸ“¦ln-ht_20px ðŸ“¦ltr-spc_-0-05px ðŸ“¦dspl_block ðŸ“¦mb_4px ðŸ“¦box-szg_border-box"
            htmlFor="TextInputField-0"
          >
            Name
             
          </label>
          <input
            aria-invalid={false}
            className="css-5ljhhe student-name ðŸ“¦color_425A70 ðŸ“¦fnt-fam_b77syt ðŸ“¦fnt-sze_12px ðŸ“¦f-wght_400 ðŸ“¦ln-ht_16px ðŸ“¦ltr-spc_0 ðŸ“¦w_100prcnt ðŸ“¦h_32px ðŸ“¦pl_10px ðŸ“¦pr_10px ðŸ“¦bblr_3px ðŸ“¦bbrr_3px ðŸ“¦btlr_3px ðŸ“¦btrr_3px ðŸ“¦box-szg_border-box"
            disabled={false}
            id="TextInputField-0"
            onChange={[Function]}
            spellCheck={true}
            type="text"
            value=""
          />
        </div>
        <div
          className="ðŸ“¦mb_24px ðŸ“¦mr_8px ðŸ“¦box-szg_border-box"
        >
          <label
            className="ðŸ“¦color_425A70 ðŸ“¦fnt-fam_b77syt ðŸ“¦fnt-sze_14px ðŸ“¦f-wght_500 ðŸ“¦ln-ht_20px ðŸ“¦ltr-spc_-0-05px ðŸ“¦dspl_block ðŸ“¦mb_4px ðŸ“¦box-szg_border-box"
            htmlFor="TextInputField-1"
          >
            Home Country
             
          </label>
          <input
            aria-invalid={false}
            className="css-5ljhhe home-country ðŸ“¦color_425A70 ðŸ“¦fnt-fam_b77syt ðŸ“¦fnt-sze_12px ðŸ“¦f-wght_400 ðŸ“¦ln-ht_16px ðŸ“¦ltr-spc_0 ðŸ“¦w_100prcnt ðŸ“¦h_32px ðŸ“¦pl_10px ðŸ“¦pr_10px ðŸ“¦bblr_3px ðŸ“¦bbrr_3px ðŸ“¦btlr_3px ðŸ“¦btrr_3px ðŸ“¦box-szg_border-box"
            disabled={false}
            id="TextInputField-1"
            onChange={[Function]}
            spellCheck={true}
            type="text"
            value=""
          />
        </div>
        <div
          className="ðŸ“¦mb_24px ðŸ“¦mr_8px ðŸ“¦box-szg_border-box"
        >
          <label
            className="ðŸ“¦color_425A70 ðŸ“¦fnt-fam_b77syt ðŸ“¦fnt-sze_14px ðŸ“¦f-wght_500 ðŸ“¦ln-ht_20px ðŸ“¦ltr-spc_-0-05px ðŸ“¦dspl_block ðŸ“¦mb_4px ðŸ“¦box-szg_border-box"
            htmlFor="TextInputField-2"
          >
            Home University
             
          </label>
          <input
            aria-invalid={false}
            className="css-5ljhhe home-university ðŸ“¦color_425A70 ðŸ“¦fnt-fam_b77syt ðŸ“¦fnt-sze_12px ðŸ“¦f-wght_400 ðŸ“¦ln-ht_16px ðŸ“¦ltr-spc_0 ðŸ“¦w_100prcnt ðŸ“¦h_32px ðŸ“¦pl_10px ðŸ“¦pr_10px ðŸ“¦bblr_3px ðŸ“¦bbrr_3px ðŸ“¦btlr_3px ðŸ“¦btrr_3px ðŸ“¦box-szg_border-box"
            disabled={false}
            id="TextInputField-2"
            onChange={[Function]}
            spellCheck={true}
            type="text"
            value=""
          />
        </div>
        <div
          className="ðŸ“¦mb_24px ðŸ“¦mr_8px ðŸ“¦box-szg_border-box"
        >
          <label
            className="ðŸ“¦color_425A70 ðŸ“¦fnt-fam_b77syt ðŸ“¦fnt-sze_14px ðŸ“¦f-wght_500 ðŸ“¦ln-ht_20px ðŸ“¦ltr-spc_-0-05px ðŸ“¦dspl_block ðŸ“¦mb_4px ðŸ“¦box-szg_border-box"
            htmlFor="TextInputField-3"
          >
            ExchangeCountry
             
          </label>
          <input
            aria-invalid={false}
            className="css-5ljhhe exchange-country ðŸ“¦color_425A70 ðŸ“¦fnt-fam_b77syt ðŸ“¦fnt-sze_12px ðŸ“¦f-wght_400 ðŸ“¦ln-ht_16px ðŸ“¦ltr-spc_0 ðŸ“¦w_100prcnt ðŸ“¦h_32px ðŸ“¦pl_10px ðŸ“¦pr_10px ðŸ“¦bblr_3px ðŸ“¦bbrr_3px ðŸ“¦btlr_3px ðŸ“¦btrr_3px ðŸ“¦box-szg_border-box"
            disabled={false}
            id="TextInputField-3"
            onChange={[Function]}
            spellCheck={true}
            type="text"
            value=""
          />
        </div>
        <div
          className="ðŸ“¦mb_24px ðŸ“¦mr_8px ðŸ“¦box-szg_border-box"
        >
          <label
            className="ðŸ“¦color_425A70 ðŸ“¦fnt-fam_b77syt ðŸ“¦fnt-sze_14px ðŸ“¦f-wght_500 ðŸ“¦ln-ht_20px ðŸ“¦ltr-spc_-0-05px ðŸ“¦dspl_block ðŸ“¦mb_4px ðŸ“¦box-szg_border-box"
            htmlFor="TextInputField-4"
          >
            GPA
             
          </label>
          <input
            aria-invalid={false}
            className="css-5ljhhe gpa ðŸ“¦color_425A70 ðŸ“¦fnt-fam_b77syt ðŸ“¦fnt-sze_12px ðŸ“¦f-wght_400 ðŸ“¦ln-ht_16px ðŸ“¦ltr-spc_0 ðŸ“¦w_100prcnt ðŸ“¦h_32px ðŸ“¦pl_10px ðŸ“¦pr_10px ðŸ“¦bblr_3px ðŸ“¦bbrr_3px ðŸ“¦btlr_3px ðŸ“¦btrr_3px ðŸ“¦box-szg_border-box"
            disabled={false}
            id="TextInputField-4"
            onChange={[Function]}
            spellCheck={true}
            type="text"
            value=""
          />
        </div>
        <div
          aria-label="Active"
          className="active css-nil ðŸ“¦box-szg_border-box"
          role="group"
        >
          <span
            className="ðŸ“¦color_66788A ðŸ“¦fnt-fam_b77syt ðŸ“¦fnt-sze_14px ðŸ“¦f-wght_500 ðŸ“¦ln-ht_20px ðŸ“¦ltr-spc_-0-05px ðŸ“¦box-szg_border-box"
          >
            Active
          </span>
          <label
            className="ðŸ“¦crsr_pointer ðŸ“¦pst_relative ðŸ“¦dspl_flex ðŸ“¦mb_8px ðŸ“¦mt_8px ðŸ“¦box-szg_border-box"
          >
            <input
              aria-invalid={false}
              checked={true}
              className="css-1bkiqpw ðŸ“¦box-szg_border-box"
              name="RadioGroup-1"
              onChange={[Function]}
              required={false}
              type="radio"
              value="true"
            />
            <div
              className="ðŸ“¦box-szg_border-box ðŸ“¦bblr_9999px ðŸ“¦bbrr_9999px ðŸ“¦btlr_9999px ðŸ“¦btrr_9999px ðŸ“¦dspl_flex ðŸ“¦flx_none ðŸ“¦algn-itms_center ðŸ“¦just-cnt_center ðŸ“¦mt_2px ðŸ“¦w_12px ðŸ“¦h_12px"
            >
              <svg
                height={4}
                viewBox="0 0 10 10"
                width={4}
              >
                <circle
                  cx="5"
                  cy="5"
                  fill="currentColor"
                  r="5"
                />
              </svg>
            </div>
            <span
              className="ðŸ“¦color_425A70 ðŸ“¦fnt-fam_b77syt ðŸ“¦fnt-sze_12px ðŸ“¦f-wght_400 ðŸ“¦ln-ht_16px ðŸ“¦ltr-spc_0 ðŸ“¦ml_8px ðŸ“¦box-szg_border-box"
            >
              Active
            </span>
          </label>
          <label
            className="ðŸ“¦crsr_pointer ðŸ“¦pst_relative ðŸ“¦dspl_flex ðŸ“¦mb_8px ðŸ“¦mt_8px ðŸ“¦box-szg_border-box"
          >
            <input
              aria-invalid={false}
              checked={false}
              className="css-1bkiqpw ðŸ“¦box-szg_border-box"
              name="RadioGroup-1"
              onChange={[Function]}
              required={false}
              type="radio"
              value="false"
            />
            <div
              className="ðŸ“¦box-szg_border-box ðŸ“¦bblr_9999px ðŸ“¦bbrr_9999px ðŸ“¦btlr_9999px ðŸ“¦btrr_9999px ðŸ“¦dspl_flex ðŸ“¦flx_none ðŸ“¦algn-itms_center ðŸ“¦just-cnt_center ðŸ“¦mt_2px ðŸ“¦w_12px ðŸ“¦h_12px"
            >
              <svg
                height={4}
                viewBox="0 0 10 10"
                width={4}
              >
                <circle
                  cx="5"
                  cy="5"
                  fill="currentColor"
                  r="5"
                />
              </svg>
            </div>
            <span
              className="ðŸ“¦color_425A70 ðŸ“¦fnt-fam_b77syt ðŸ“¦fnt-sze_12px ðŸ“¦f-wght_400 ðŸ“¦ln-ht_16px ðŸ“¦ltr-spc_0 ðŸ“¦ml_8px ðŸ“¦box-szg_border-box"
            >
              Inactive
            </span>
          </label>
        </div>
      </div>
      <div
        className="css-nil ðŸ“¦dspl_flex ðŸ“¦just-cnt_flex-end ðŸ“¦box-szg_border-box"
      >
        <button
          className="css-69cngj btn-reset ðŸ“¦fnt-fam_b77syt ðŸ“¦mt_0px ðŸ“¦fnt-sze_12px ðŸ“¦f-wght_500 ðŸ“¦ln-ht_32px ðŸ“¦ltr-spc_0 ðŸ“¦btrr_3px ðŸ“¦bbrr_3px ðŸ“¦btlr_3px ðŸ“¦bblr_3px ðŸ“¦pt_0px ðŸ“¦pb_0px ðŸ“¦pr_16px ðŸ“¦pl_16px ðŸ“¦ml_0px ðŸ“¦mr_8px ðŸ“¦mb_0px ðŸ“¦h_32px ðŸ“¦pst_relative ðŸ“¦dspl_inline-flex ðŸ“¦algn-itms_center ðŸ“¦flx-wrap_nowrap ðŸ“¦box-szg_border-box"
          onClick={[Function]}
          type="button"
        >
          Reset Form
        </button>
        <button
          className="css-nwvixr btn-save ðŸ“¦fnt-fam_b77syt ðŸ“¦mt_0px ðŸ“¦fnt-sze_12px ðŸ“¦f-wght_500 ðŸ“¦ln-ht_32px ðŸ“¦ltr-spc_0 ðŸ“¦btrr_3px ðŸ“¦bbrr_3px ðŸ“¦btlr_3px ðŸ“¦bblr_3px ðŸ“¦pt_0px ðŸ“¦pb_0px ðŸ“¦pr_16px ðŸ“¦pl_16px ðŸ“¦ml_0px ðŸ“¦mr_16px ðŸ“¦mb_0px ðŸ“¦h_32px ðŸ“¦pst_relative ðŸ“¦dspl_inline-flex ðŸ“¦algn-itms_center ðŸ“¦flx-wrap_nowrap ðŸ“¦box-szg_border-box"
          type="submit"
        >
          Save
        </button>
      </div>
    </form>
  </div>
</div>
`;
