// Jest Snapshot v1, https://goo.gl/fbAQLP

exports[`should render the home page 1`] = `
<div
  className="css-nil ðŸ“¦box-szg_border-box"
>
  <h1
    className="ðŸ“¦mt_50px ðŸ“¦mb_50px ðŸ“¦fnt-sze_35px ðŸ“¦f-wght_500 ðŸ“¦ln-ht_40px ðŸ“¦ltr-spc_-0-2px ðŸ“¦fnt-fam_wm9v6k ðŸ“¦color_234361 ðŸ“¦ml_50px ðŸ“¦mr_50px ðŸ“¦box-szg_border-box"
  >
    Welcome to the Student Management Suite!
  </h1>
  <img
    alt="animation of students studying"
    height={250}
    src="undraw_exams_g4ow.svg"
  />
  <p
    className="ðŸ“¦color_425A70 ðŸ“¦fnt-fam_b77syt ðŸ“¦mt_50px ðŸ“¦mb_50px ðŸ“¦fnt-sze_14px ðŸ“¦f-wght_400 ðŸ“¦ln-ht_21px ðŸ“¦ltr-spc_-0-05px ðŸ“¦ml_50px ðŸ“¦mr_50px ðŸ“¦box-szg_border-box"
  >
    Please choose from the options below
  </p>
  <div
    className="cards css-nil ðŸ“¦h_100prcnt ðŸ“¦dspl_flex ðŸ“¦just-cnt_center ðŸ“¦box-szg_border-box"
  >
    <div
      className="css-1jo0gwu ðŸ“¦bs_17bru36 ðŸ“¦bg_1vicuwj ðŸ“¦bblr_5px ðŸ“¦bbrr_5px ðŸ“¦btlr_5px ðŸ“¦btrr_5px ðŸ“¦pb_50px ðŸ“¦pl_50px ðŸ“¦pr_50px ðŸ“¦pt_50px ðŸ“¦dspl_flex ðŸ“¦just-cnt_center ðŸ“¦algn-itms_center ðŸ“¦flx-drct_column ðŸ“¦mb_25px ðŸ“¦ml_25px ðŸ“¦mr_25px ðŸ“¦mt_25px ðŸ“¦box-szg_border-box"
    >
      <a
        href="/students"
        onClick={[Function]}
        style={
          Object {
            "textDecoration": "none",
          }
        }
      >
        <h2
          className="ðŸ“¦mt_0px ðŸ“¦mb_0px ðŸ“¦fnt-sze_16px ðŸ“¦f-wght_500 ðŸ“¦ln-ht_20px ðŸ“¦ltr-spc_-0-05px ðŸ“¦fnt-fam_b77syt ðŸ“¦color_234361 ðŸ“¦box-szg_border-box"
        >
          Student Search
        </h2>
      </a>
    </div>
    <div
      className="css-1jo0gwu ðŸ“¦bs_17bru36 ðŸ“¦bg_1vicuwj ðŸ“¦bblr_5px ðŸ“¦bbrr_5px ðŸ“¦btlr_5px ðŸ“¦btrr_5px ðŸ“¦pb_50px ðŸ“¦pl_50px ðŸ“¦pr_50px ðŸ“¦pt_50px ðŸ“¦dspl_flex ðŸ“¦just-cnt_center ðŸ“¦algn-itms_center ðŸ“¦flx-drct_column ðŸ“¦mb_25px ðŸ“¦ml_25px ðŸ“¦mr_25px ðŸ“¦mt_25px ðŸ“¦box-szg_border-box"
    >
      <a
        href="/add-student"
        onClick={[Function]}
        style={
          Object {
            "textDecoration": "none",
          }
        }
      >
        <h2
          className="ðŸ“¦mt_0px ðŸ“¦mb_0px ðŸ“¦fnt-sze_16px ðŸ“¦f-wght_500 ðŸ“¦ln-ht_20px ðŸ“¦ltr-spc_-0-05px ðŸ“¦fnt-fam_b77syt ðŸ“¦color_234361 ðŸ“¦box-szg_border-box"
        >
          Add a Student
        </h2>
      </a>
    </div>
  </div>
</div>
`;
